// Jest Snapshot v1, https://goo.gl/fbAQLP

exports[`Search should render properly 1`] = `
<With
  onSearch={[MockFunction]}
  startWith={3}
  waitInterval={1}
>
  <Component
    onChange={[Function]}
    onSearch={[MockFunction]}
    startWith={3}
    waitInterval={1}
  >
    <input
      onChange={[Function]}
      onSearch={[MockFunction]}
      startWith={3}
      waitInterval={1}
    />
  </Component>
</With>
`;
